#-----------------------------------------------------------
# Vivado v2018.3 (64-bit)
# SW Build 2405991 on Thu Dec  6 23:38:27 MST 2018
# IP Build 2404404 on Fri Dec  7 01:43:56 MST 2018
# Start of session at: Fri Mar  8 13:13:43 2019
# Process ID: 5708
# Current directory: D:/CP/CP 3-2/HWLab/lab05
# Command line: vivado.exe -gui_launcher_event rodinguilauncherevent14248 D:\CP\CP 3-2\HWLab\lab05\lab05.xpr
# Log file: D:/CP/CP 3-2/HWLab/lab05/vivado.log
# Journal file: D:/CP/CP 3-2/HWLab/lab05\vivado.jou
#-----------------------------------------------------------
start_gui
open_project {D:/CP/CP 3-2/HWLab/lab05/lab05.xpr}
update_compile_order -fileset sources_1
synth_design -rtl -name rtl_1
close_design
add_files -norecurse {{D:/CP/CP 3-2/HWLab/lab05/lab05.srcs/sources_1/imports/new/prog_test.list}}
file mkdir D:/CP/CP 3-2/HWLab/lab05/lab05.srcs/sim_1/new
file mkdir D:/CP/CP 3-2/HWLab/lab05/lab05.srcs/sim_1/new
file mkdir D:/CP/CP 3-2/HWLab/lab05/lab05.srcs/sim_1/new
file mkdir D:/CP/CP 3-2/HWLab/lab05/lab05.srcs/sim_1/new
file mkdir D:/CP/CP 3-2/HWLab/lab05/lab05.srcs/sim_1/new
set_property SOURCE_SET sources_1 [get_filesets sim_1]
file mkdir D:/CP/CP 3-2/HWLab/lab05/lab05.srcs/sim_1/new
file mkdir {D:/CP/CP 3-2/HWLab/lab05/lab05.srcs/sim_1/new}
close [ open {D:/CP/CP 3-2/HWLab/lab05/lab05.srcs/sim_1/new/alu_test.v} w ]
add_files -fileset sim_1 {{D:/CP/CP 3-2/HWLab/lab05/lab05.srcs/sim_1/new/alu_test.v}}
update_compile_order -fileset sim_1
# Disabling source management mode.  This is to allow the top design properties to be set without GUI intervention.
set_property source_mgmt_mode None [current_project]
set_property top alu_test [get_filesets sim_1]
set_property top_lib xil_defaultlib [get_filesets sim_1]
# Re-enabling previously disabled source management mode.
set_property source_mgmt_mode All [current_project]
update_compile_order -fileset sim_1
set_property SOURCE_SET sources_1 [get_filesets sim_1]
close [ open {D:/CP/CP 3-2/HWLab/lab05/lab05.srcs/sim_1/new/pc_test.v} w ]
add_files -fileset sim_1 {{D:/CP/CP 3-2/HWLab/lab05/lab05.srcs/sim_1/new/pc_test.v}}
update_compile_order -fileset sim_1
launch_simulation
source alu_test.tcl
# Disabling source management mode.  This is to allow the top design properties to be set without GUI intervention.
set_property source_mgmt_mode None [current_project]
set_property top pc_test [get_filesets sim_1]
set_property top_lib xil_defaultlib [get_filesets sim_1]
# Re-enabling previously disabled source management mode.
set_property source_mgmt_mode All [current_project]
update_compile_order -fileset sim_1
launch_simulation
source pc_test.tcl
close_sim
close_sim
